2026-05-11 11:17:59,924 INFO navexOCR.services.ocr_service: PaddleOCR model loaded globally
2026-05-11 11:18:00,810 INFO navexOCR.ocr_threadpool: Initialized thread pool with workers=8
2026-05-11 11:18:00,812 INFO navexOCR.routes.convert: Using thread-pool OCR worker
2026-05-11 11:18:00,850 INFO navexOCR.services.cleanup_service: Temp sweeper started: scanning C:\Users\INTERN~1\AppData\Local\Temp\navexocr_temp every 60s, TTL=10m
2026-05-11 11:18:00,851 INFO navexOCR.services.cleanup_service: Cleanup worker started
2026-05-11 11:18:00,851 INFO navexOCR.main: Temp sweeper started on startup
2026-05-11 11:18:00,856 WARNING navexOCR.services.cleanup_service: PermissionError removing C:\Users\INTERN~1\AppData\Local\Temp\navexocr_temp\navexocr_1cj3pqc0 (attempt 1): [WinError 32] The process cannot access the file because it is being used by another process: 'C:\\Users\\INTERN~1\\AppData\\Local\\Temp\\navexocr_temp\\navexocr_1cj3pqc0\\page_0001.pdf'
2026-05-11 11:18:01,375 WARNING navexOCR.services.cleanup_service: PermissionError removing C:\Users\INTERN~1\AppData\Local\Temp\navexocr_temp\navexocr_1cj3pqc0 (attempt 2): [WinError 32] The process cannot access the file because it is being used by another process: 'C:\\Users\\INTERN~1\\AppData\\Local\\Temp\\navexocr_temp\\navexocr_1cj3pqc0\\page_0001.pdf'
2026-05-11 11:18:02,385 WARNING navexOCR.services.cleanup_service: PermissionError removing C:\Users\INTERN~1\AppData\Local\Temp\navexocr_temp\navexocr_1cj3pqc0 (attempt 3): [WinError 32] The process cannot access the file because it is being used by another process: 'C:\\Users\\INTERN~1\\AppData\\Local\\Temp\\navexocr_temp\\navexocr_1cj3pqc0\\page_0001.pdf'
2026-05-11 11:18:03,901 WARNING navexOCR.services.cleanup_service: Could not rename stuck temp dir; created marker: C:\Users\INTERN~1\AppData\Local\Temp\navexocr_temp\navexocr_1cj3pqc0.delete_marker
2026-05-11 11:18:03,909 WARNING navexOCR.services.cleanup_service: PermissionError removing C:\Users\INTERN~1\AppData\Local\Temp\navexocr_temp\navexocr_1cj3pqc0 (attempt 1): [WinError 32] The process cannot access the file because it is being used by another process: 'C:\\Users\\INTERN~1\\AppData\\Local\\Temp\\navexocr_temp\\navexocr_1cj3pqc0\\page_0001.pdf'
2026-05-11 11:18:04,420 WARNING navexOCR.services.cleanup_service: PermissionError removing C:\Users\INTERN~1\AppData\Local\Temp\navexocr_temp\navexocr_1cj3pqc0 (attempt 2): [WinError 32] The process cannot access the file because it is being used by another process: 'C:\\Users\\INTERN~1\\AppData\\Local\\Temp\\navexocr_temp\\navexocr_1cj3pqc0\\page_0001.pdf'
2026-05-11 11:18:05,434 WARNING navexOCR.services.cleanup_service: PermissionError removing C:\Users\INTERN~1\AppData\Local\Temp\navexocr_temp\navexocr_1cj3pqc0 (attempt 3): [WinError 32] The process cannot access the file because it is being used by another process: 'C:\\Users\\INTERN~1\\AppData\\Local\\Temp\\navexocr_temp\\navexocr_1cj3pqc0\\page_0001.pdf'
2026-05-11 11:18:07,026 WARNING navexOCR.services.cleanup_service: Could not rename stuck temp dir; created marker: C:\Users\INTERN~1\AppData\Local\Temp\navexocr_temp\navexocr_1cj3pqc0.delete_marker
2026-05-11 11:18:07,034 WARNING navexOCR.services.cleanup_service: PermissionError removing C:\Users\INTERN~1\AppData\Local\Temp\navexocr_temp\navexocr_cfino6l8 (attempt 1): [WinError 32] The process cannot access the file because it is being used by another process: 'C:\\Users\\INTERN~1\\AppData\\Local\\Temp\\navexocr_temp\\navexocr_cfino6l8\\page_0001.pdf'
2026-05-11 11:18:07,547 WARNING navexOCR.services.cleanup_service: PermissionError removing C:\Users\INTERN~1\AppData\Local\Temp\navexocr_temp\navexocr_cfino6l8 (attempt 2): [WinError 32] The process cannot access the file because it is being used by another process: 'C:\\Users\\INTERN~1\\AppData\\Local\\Temp\\navexocr_temp\\navexocr_cfino6l8\\page_0001.pdf'
2026-05-11 11:18:08,555 WARNING navexOCR.services.cleanup_service: PermissionError removing C:\Users\INTERN~1\AppData\Local\Temp\navexocr_temp\navexocr_cfino6l8 (attempt 3): [WinError 32] The process cannot access the file because it is being used by another process: 'C:\\Users\\INTERN~1\\AppData\\Local\\Temp\\navexocr_temp\\navexocr_cfino6l8\\page_0001.pdf'
2026-05-11 11:18:10,065 WARNING navexOCR.services.cleanup_service: Could not rename stuck temp dir; created marker: C:\Users\INTERN~1\AppData\Local\Temp\navexocr_temp\navexocr_cfino6l8.delete_marker
2026-05-11 11:18:10,067 WARNING navexOCR.services.cleanup_service: PermissionError removing C:\Users\INTERN~1\AppData\Local\Temp\navexocr_temp\navexocr_cfino6l8 (attempt 1): [WinError 32] The process cannot access the file because it is being used by another process: 'C:\\Users\\INTERN~1\\AppData\\Local\\Temp\\navexocr_temp\\navexocr_cfino6l8\\page_0001.pdf'
2026-05-11 11:18:10,579 WARNING navexOCR.services.cleanup_service: PermissionError removing C:\Users\INTERN~1\AppData\Local\Temp\navexocr_temp\navexocr_cfino6l8 (attempt 2): [WinError 32] The process cannot access the file because it is being used by another process: 'C:\\Users\\INTERN~1\\AppData\\Local\\Temp\\navexocr_temp\\navexocr_cfino6l8\\page_0001.pdf'
2026-05-11 11:18:11,586 WARNING navexOCR.services.cleanup_service: PermissionError removing C:\Users\INTERN~1\AppData\Local\Temp\navexocr_temp\navexocr_cfino6l8 (attempt 3): [WinError 32] The process cannot access the file because it is being used by another process: 'C:\\Users\\INTERN~1\\AppData\\Local\\Temp\\navexocr_temp\\navexocr_cfino6l8\\page_0001.pdf'
2026-05-11 11:18:13,106 WARNING navexOCR.services.cleanup_service: Could not rename stuck temp dir; created marker: C:\Users\INTERN~1\AppData\Local\Temp\navexocr_temp\navexocr_cfino6l8.delete_marker
2026-05-11 11:18:13,109 WARNING navexOCR.services.cleanup_service: PermissionError removing C:\Users\INTERN~1\AppData\Local\Temp\navexocr_temp\navexocr_ph0vnlsb (attempt 1): [WinError 32] The process cannot access the file because it is being used by another process: 'C:\\Users\\INTERN~1\\AppData\\Local\\Temp\\navexocr_temp\\navexocr_ph0vnlsb\\inproc_11996_1778476953887\\page_0001.pdf'
2026-05-11 11:18:13,627 WARNING navexOCR.services.cleanup_service: PermissionError removing C:\Users\INTERN~1\AppData\Local\Temp\navexocr_temp\navexocr_ph0vnlsb (attempt 2): [WinError 32] The process cannot access the file because it is being used by another process: 'C:\\Users\\INTERN~1\\AppData\\Local\\Temp\\navexocr_temp\\navexocr_ph0vnlsb\\inproc_11996_1778476953887\\page_0001.pdf'
2026-05-11 11:18:14,642 WARNING navexOCR.services.cleanup_service: PermissionError removing C:\Users\INTERN~1\AppData\Local\Temp\navexocr_temp\navexocr_ph0vnlsb (attempt 3): [WinError 32] The process cannot access the file because it is being used by another process: 'C:\\Users\\INTERN~1\\AppData\\Local\\Temp\\navexocr_temp\\navexocr_ph0vnlsb\\inproc_11996_1778476953887\\page_0001.pdf'
